../Core/Src/MFRC522.c:10:9:RC522_SPI_Transfer	32	static
../Core/Src/MFRC522.c:24:6:Write_MFRC522	16	static
../Core/Src/MFRC522.c:48:7:Read_MFRC522	24	static
../Core/Src/MFRC522.c:77:6:SetBitMask	24	static
../Core/Src/MFRC522.c:90:6:ClearBitMask	24	static
../Core/Src/MFRC522.c:103:6:AntennaOn	8	static
../Core/Src/MFRC522.c:116:6:AntennaOff	8	static
../Core/Src/MFRC522.c:127:6:MFRC522_Reset	8	static
../Core/Src/MFRC522.c:138:6:MFRC522_Init	8	static
../Core/Src/MFRC522.c:166:7:MFRC522_ToCard	48	static
../Core/Src/MFRC522.c:289:7:MFRC522_Request	32	static
../Core/Src/MFRC522.c:313:7:MFRC522_Anticoll	32	static
../Core/Src/MFRC522.c:348:6:CalulateCRC	40	static
../Core/Src/MFRC522.c:382:7:MFRC522_SelectTag	48	static
../Core/Src/MFRC522.c:424:7:MFRC522_Auth	56	static
../Core/Src/MFRC522.c:458:7:MFRC522_Read	32	static
../Core/Src/MFRC522.c:482:7:MFRC522_Write	56	static
../Core/Src/MFRC522.c:523:6:MFRC522_Halt	24	static
