../Core/Src/main.c:85:5:main	64	static
../Core/Src/main.c:199:6:SystemClock_Config	96	static
../Core/Src/main.c:260:13:MX_I2C1_Init	8	static
../Core/Src/main.c:308:13:MX_TIM1_Init	96	static
../Core/Src/main.c:378:13:MX_TIM16_Init	80	static
../Core/Src/main.c:440:13:MX_USART2_UART_Init	8	static
../Core/Src/main.c:473:13:MX_DMA_Init	16	static
../Core/Src/main.c:491:13:MX_GPIO_Init	40	static
../Core/Src/main.c:537:6:HAL_I2C_SlaveRxCpltCallback	104	static
../Core/Src/main.c:575:6:HAL_GPIO_EXTI_Callback	40	static
../Core/Src/main.c:592:6:Error_Handler	4	static,ignoring_inline_asm
