../Core/Src/main.c:85:5:main	13
../Core/Src/main.c:199:6:SystemClock_Config	4
../Core/Src/main.c:260:13:MX_I2C1_Init	4
../Core/Src/main.c:308:13:MX_TIM1_Init	5
../Core/Src/main.c:378:13:MX_TIM16_Init	5
../Core/Src/main.c:440:13:MX_USART2_UART_Init	2
../Core/Src/main.c:473:13:MX_DMA_Init	1
../Core/Src/main.c:491:13:MX_GPIO_Init	1
../Core/Src/main.c:537:6:HAL_I2C_SlaveRxCpltCallback	8
../Core/Src/main.c:575:6:HAL_I2C_SlaveTxCpltCallback	2
../Core/Src/main.c:582:6:HAL_GPIO_EXTI_Callback	3
../Core/Src/main.c:598:6:Error_Handler	1
