../Core/Src/main.c:81:5:main	64	static
../Core/Src/main.c:177:6:SystemClock_Config	96	static
../Core/Src/main.c:238:13:MX_I2C1_Init	8	static
../Core/Src/main.c:286:13:MX_TIM1_Init	96	static
../Core/Src/main.c:356:13:MX_TIM16_Init	80	static
../Core/Src/main.c:418:13:MX_USART2_UART_Init	8	static
../Core/Src/main.c:451:13:MX_DMA_Init	16	static
../Core/Src/main.c:469:13:MX_GPIO_Init	40	static
../Core/Src/main.c:505:6:HAL_I2C_SlaveRxCpltCallback	88	static
../Core/Src/main.c:540:6:Error_Handler	4	static,ignoring_inline_asm
