../Core/Src/main.c:88:5:main	8	static
../Core/Src/main.c:156:6:SystemClock_Config	96	static
../Core/Src/main.c:217:13:MX_I2C1_Init	8	static
../Core/Src/main.c:265:13:MX_SPI1_Init	8	static
../Core/Src/main.c:305:13:MX_TIM2_Init	40	static
../Core/Src/main.c:350:13:MX_USART2_UART_Init	8	static
../Core/Src/main.c:383:13:MX_DMA_Init	16	static
../Core/Src/main.c:401:13:MX_GPIO_Init	40	static
../Core/Src/main.c:438:6:HAL_I2C_SlaveRxCpltCallback	24	static
../Core/Src/main.c:474:6:HAL_I2C_SlaveTxCpltCallback	16	static
../Core/Src/main.c:482:6:HAL_TIM_PeriodElapsedCallback	48	static
../Core/Src/main.c:514:6:Error_Handler	4	static,ignoring_inline_asm
