../Core/Src/main.c:84:5:main	2
../Core/Src/main.c:148:6:SystemClock_Config	4
../Core/Src/main.c:209:13:MX_I2C1_Init	4
../Core/Src/main.c:257:13:MX_SPI1_Init	2
../Core/Src/main.c:297:13:MX_TIM2_Init	4
../Core/Src/main.c:342:13:MX_USART2_UART_Init	2
../Core/Src/main.c:375:13:MX_DMA_Init	1
../Core/Src/main.c:393:13:MX_GPIO_Init	1
../Core/Src/main.c:430:6:HAL_I2C_SlaveRxCpltCallback	2
../Core/Src/main.c:456:6:HAL_I2C_SlaveTxCpltCallback	2
../Core/Src/main.c:464:6:HAL_TIM_PeriodElapsedCallback	3
../Core/Src/main.c:482:6:Error_Handler	1
