../Core/Src/main.c:88:5:main	3
../Core/Src/main.c:156:6:SystemClock_Config	4
../Core/Src/main.c:217:13:MX_I2C1_Init	4
../Core/Src/main.c:265:13:MX_SPI1_Init	2
../Core/Src/main.c:305:13:MX_TIM2_Init	4
../Core/Src/main.c:350:13:MX_USART2_UART_Init	2
../Core/Src/main.c:383:13:MX_DMA_Init	1
../Core/Src/main.c:401:13:MX_GPIO_Init	1
../Core/Src/main.c:438:6:HAL_I2C_SlaveRxCpltCallback	4
../Core/Src/main.c:474:6:HAL_I2C_SlaveTxCpltCallback	2
../Core/Src/main.c:482:6:HAL_TIM_PeriodElapsedCallback	4
../Core/Src/main.c:514:6:Error_Handler	1
