../Core/Src/main.c:82:5:main	8	static
../Core/Src/main.c:144:6:SystemClock_Config	96	static
../Core/Src/main.c:205:13:MX_I2C1_Init	8	static
../Core/Src/main.c:253:13:MX_SPI1_Init	8	static
../Core/Src/main.c:293:13:MX_TIM1_Init	96	static
../Core/Src/main.c:363:13:MX_USART2_UART_Init	8	static
../Core/Src/main.c:396:13:MX_DMA_Init	16	static
../Core/Src/main.c:414:13:MX_GPIO_Init	40	static
../Core/Src/main.c:451:6:HAL_I2C_SlaveRxCpltCallback	40	static
../Core/Src/main.c:473:6:Error_Handler	4	static,ignoring_inline_asm
