../Core/Src/main.c:83:5:main	8	static
../Core/Src/main.c:145:6:SystemClock_Config	96	static
../Core/Src/main.c:206:13:MX_I2C1_Init	8	static
../Core/Src/main.c:254:13:MX_TIM2_Init	56	static
../Core/Src/main.c:303:13:MX_TIM6_Init	24	static
../Core/Src/main.c:341:13:MX_USART2_UART_Init	8	static
../Core/Src/main.c:376:13:MX_GPIO_Init	40	static
../Core/Src/main.c:403:6:HAL_I2C_SlaveRxCpltCallback	56	static
../Core/Src/main.c:467:6:HAL_I2C_SlaveTxCpltCallback	16	static
../Core/Src/main.c:473:6:HAL_TIM_PeriodElapsedCallback	16	static
../Core/Src/main.c:484:6:Error_Handler	4	static,ignoring_inline_asm
